#This file was generated using SimGrid-3.35.0
#[bin/runner topo/16K3/platform_16K3Het.xml mpi 4194304 512 0 /dev/null ]
%EventDef PajeDefineContainerType 0
%       Alias string
%       Type string
%       Name string
%EndEventDef
%EventDef PajeDefineVariableType 1
%       Alias string
%       Type string
%       Name string
%       Color color
%EndEventDef
%EventDef PajeDefineStateType 2
%       Alias string
%       Type string
%       Name string
%EndEventDef
%EventDef PajeDefineEventType 3
%       Alias string
%       Type string
%       Name string
%EndEventDef
%EventDef PajeDefineLinkType 4
%       Alias string
%       Type string
%       StartContainerType string
%       EndContainerType string
%       Name string
%EndEventDef
%EventDef PajeDefineEntityValue 5
%       Alias string
%       Type string
%       Name string
%       Color color
%EndEventDef
%EventDef PajeCreateContainer 6
%       Time date
%       Alias string
%       Type string
%       Container string
%       Name string
%EndEventDef
%EventDef PajeDestroyContainer 7
%       Time date
%       Type string
%       Name string
%EndEventDef
%EventDef PajeSetVariable 8
%       Time date
%       Type string
%       Container string
%       Value double
%EndEventDef
%EventDef PajeAddVariable 9
%       Time date
%       Type string
%       Container string
%       Value double
%EndEventDef
%EventDef PajeSubVariable 10
%       Time date
%       Type string
%       Container string
%       Value double
%EndEventDef
%EventDef PajeSetState 11
%       Time date
%       Type string
%       Container string
%       Value string
%EndEventDef
%EventDef PajePushState 12
%       Time date
%       Type string
%       Container string
%       Value string
%EndEventDef
%EventDef PajePopState 13
%       Time date
%       Type string
%       Container string
%EndEventDef
%EventDef PajeResetState 14
%       Time date
%       Type string
%       Container string
%EndEventDef
%EventDef PajeStartLink 15
%       Time date
%       Type string
%       Container string
%       Value string
%       StartContainer string
%       Key string
%EndEventDef
%EventDef PajeEndLink 16
%       Time date
%       Type string
%       Container string
%       Value string
%       EndContainer string
%       Key string
%EndEventDef
%EventDef PajeNewEvent 17
%       Time date
%       Type string
%       Container string
%       Value string
%EndEventDef
0 1 0 MPI
2 2 1 MPI_STATE
4 3 0 1 1 MPI_LINK
4 4 0 1 1 MIGRATE_LINK
2 5 1 MIGRATE_STATE
6 0.000000 1 1 0 "rank-0"
6 0.000000 2 1 0 "rank-1"
6 0.000000 3 1 0 "rank-2"
6 0.000000 4 1 0 "rank-3"
6 0.000000 5 1 0 "rank-4"
6 0.000000 6 1 0 "rank-5"
6 0.000000 7 1 0 "rank-6"
6 0.000000 8 1 0 "rank-7"
6 0.000000 9 1 0 "rank-8"
6 0.000000 10 1 0 "rank-9"
6 0.000000 11 1 0 "rank-10"
6 0.000000 12 1 0 "rank-11"
6 0.000000 13 1 0 "rank-12"
6 0.000000 14 1 0 "rank-13"
6 0.000000 15 1 0 "rank-14"
6 0.000000 16 1 0 "rank-15"
5 6 2 PMPI_Init "0 1 0"
5 7 2 PMPI_Barrier "0 0.39 0.78"
12 0.000000 2 1 6
13 0.000000 2 1
12 0.000000 2 2 6
13 0.000000 2 2
12 0.000000 2 3 6
13 0.000000 2 3
12 0.000000 2 4 6
13 0.000000 2 4
12 0.000000 2 5 6
13 0.000000 2 5
12 0.000000 2 6 6
13 0.000000 2 6
12 0.000000 2 7 6
13 0.000000 2 7
12 0.000000 2 8 6
13 0.000000 2 8
12 0.000000 2 9 6
13 0.000000 2 9
12 0.000000 2 10 6
13 0.000000 2 10
12 0.000000 2 11 6
13 0.000000 2 11
12 0.000000 2 12 6
13 0.000000 2 12
12 0.000000 2 13 6
13 0.000000 2 13
12 0.000000 2 14 6
13 0.000000 2 14
12 0.000000 2 15 6
13 0.000000 2 15
12 0.000000 2 16 6
13 0.000000 2 16
12 0.000000 2 1 7
12 0.000000 2 2 7
15 0.000000 3 0 PTP 2 2_1_-778_1
12 0.000000 2 3 7
15 0.000000 3 0 PTP 3 3_1_-778_2
12 0.000000 2 4 7
15 0.000000 3 0 PTP 4 4_1_-778_3
12 0.000000 2 5 7
15 0.000000 3 0 PTP 5 5_1_-778_4
12 0.000000 2 6 7
15 0.000000 3 0 PTP 6 6_1_-778_5
12 0.000000 2 7 7
15 0.000000 3 0 PTP 7 7_1_-778_6
12 0.000000 2 8 7
15 0.000000 3 0 PTP 8 8_1_-778_7
12 0.000000 2 9 7
15 0.000000 3 0 PTP 9 9_1_-778_8
12 0.000000 2 10 7
15 0.000000 3 0 PTP 10 10_1_-778_9
12 0.000000 2 11 7
15 0.000000 3 0 PTP 11 11_1_-778_10
12 0.000000 2 12 7
15 0.000000 3 0 PTP 12 12_1_-778_11
12 0.000000 2 13 7
15 0.000000 3 0 PTP 13 13_1_-778_12
12 0.000000 2 14 7
15 0.000000 3 0 PTP 14 14_1_-778_13
12 0.000000 2 15 7
15 0.000000 3 0 PTP 15 15_1_-778_14
12 0.000000 2 16 7
15 0.000000 3 0 PTP 16 16_1_-778_15
5 8 2 PMPI_Bcast "0 0.78 0.39"
5 9 2 PMPI_Reduce "0 1 0"
5 10 2 PMPI_Finalize "0 1 0"
16 0.000000 3 0 PTP 1 4_1_-778_3
16 0.000000 3 0 PTP 1 2_1_-778_1
16 0.000000 3 0 PTP 1 3_1_-778_2
16 0.000000 3 0 PTP 1 9_1_-778_8
16 0.000000 3 0 PTP 1 6_1_-778_5
16 0.000000 3 0 PTP 1 10_1_-778_9
16 0.000000 3 0 PTP 1 7_1_-778_6
16 0.000000 3 0 PTP 1 5_1_-778_4
16 0.000000 3 0 PTP 1 8_1_-778_7
16 0.000001 3 0 PTP 1 14_1_-778_13
16 0.000001 3 0 PTP 1 16_1_-778_15
16 0.000001 3 0 PTP 1 13_1_-778_12
16 0.000001 3 0 PTP 1 11_1_-778_10
16 0.000001 3 0 PTP 1 12_1_-778_11
16 0.000001 3 0 PTP 1 15_1_-778_14
15 0.000001 3 0 PTP 1 1_2_-778_16
15 0.000001 3 0 PTP 1 1_3_-778_17
15 0.000001 3 0 PTP 1 1_4_-778_18
15 0.000001 3 0 PTP 1 1_5_-778_19
15 0.000001 3 0 PTP 1 1_6_-778_20
15 0.000001 3 0 PTP 1 1_7_-778_21
15 0.000001 3 0 PTP 1 1_8_-778_22
15 0.000001 3 0 PTP 1 1_9_-778_23
15 0.000001 3 0 PTP 1 1_10_-778_24
15 0.000001 3 0 PTP 1 1_11_-778_25
15 0.000001 3 0 PTP 1 1_12_-778_26
15 0.000001 3 0 PTP 1 1_13_-778_27
15 0.000001 3 0 PTP 1 1_14_-778_28
15 0.000001 3 0 PTP 1 1_15_-778_29
15 0.000001 3 0 PTP 1 1_16_-778_30
13 0.000001 2 1
12 0.000001 2 1 8
15 0.000001 3 0 PTP 1 1_9_-3334_31
16 0.000001 3 0 PTP 4 1_4_-778_18
13 0.000001 2 4
12 0.000001 2 4 8
16 0.000001 3 0 PTP 2 1_2_-778_16
13 0.000001 2 2
12 0.000001 2 2 8
16 0.000001 3 0 PTP 3 1_3_-778_17
13 0.000001 2 3
12 0.000001 2 3 8
16 0.000001 3 0 PTP 9 1_9_-778_23
13 0.000001 2 9
12 0.000001 2 9 8
16 0.000001 3 0 PTP 6 1_6_-778_20
13 0.000001 2 6
12 0.000001 2 6 8
16 0.000001 3 0 PTP 10 1_10_-778_24
13 0.000001 2 10
12 0.000001 2 10 8
16 0.000001 3 0 PTP 7 1_7_-778_21
13 0.000001 2 7
16 0.000001 3 0 PTP 5 1_5_-778_19
13 0.000001 2 5
12 0.000001 2 7 8
12 0.000001 2 5 8
16 0.000001 3 0 PTP 8 1_8_-778_22
13 0.000001 2 8
12 0.000001 2 8 8
16 0.000001 3 0 PTP 14 1_14_-778_28
13 0.000001 2 14
12 0.000001 2 14 8
16 0.000001 3 0 PTP 16 1_16_-778_30
13 0.000001 2 16
12 0.000001 2 16 8
16 0.000001 3 0 PTP 13 1_13_-778_27
13 0.000001 2 13
12 0.000001 2 13 8
16 0.000001 3 0 PTP 11 1_11_-778_25
13 0.000001 2 11
12 0.000001 2 11 8
16 0.000001 3 0 PTP 12 1_12_-778_26
13 0.000001 2 12
12 0.000001 2 12 8
16 0.000001 3 0 PTP 15 1_15_-778_29
13 0.000001 2 15
12 0.000001 2 15 8
15 0.000109 3 0 PTP 1 1_5_-3334_32
16 0.000109 3 0 PTP 9 1_9_-3334_31
15 0.000109 3 0 PTP 9 9_13_-3334_33
16 0.000212 3 0 PTP 13 9_13_-3334_33
15 0.000212 3 0 PTP 13 13_15_-3334_34
15 0.000212 3 0 PTP 9 9_11_-3334_35
16 0.000226 3 0 PTP 5 1_5_-3334_32
15 0.000226 3 0 PTP 5 5_7_-3334_36
15 0.000226 3 0 PTP 1 1_3_-3334_37
16 0.000336 3 0 PTP 3 1_3_-3334_37
15 0.000336 3 0 PTP 3 3_4_-3334_38
15 0.000336 3 0 PTP 1 1_2_-3334_39
16 0.000404 3 0 PTP 7 5_7_-3334_36
15 0.000404 3 0 PTP 7 7_8_-3334_40
15 0.000404 3 0 PTP 5 5_6_-3334_41
16 0.000415 3 0 PTP 11 9_11_-3334_35
15 0.000415 3 0 PTP 11 11_12_-3334_42
15 0.000415 3 0 PTP 9 9_10_-3334_43
16 0.000420 3 0 PTP 2 1_2_-3334_39
13 0.000420 2 2
13 0.000420 2 1
12 0.000420 2 1 9
12 0.000420 2 2 9
15 0.000420 3 0 PTP 2 2_1_-112_44
13 0.000420 2 2
12 0.000420 2 2 9
15 0.000420 3 0 PTP 2 2_1_-112_45
13 0.000420 2 2
12 0.000420 2 2 7
15 0.000420 3 0 PTP 2 2_1_-778_46
16 0.000420 3 0 PTP 1 2_1_-112_44
16 0.000425 3 0 PTP 15 13_15_-3334_34
15 0.000425 3 0 PTP 15 15_16_-3334_47
15 0.000425 3 0 PTP 13 13_14_-3334_48
16 0.000448 3 0 PTP 4 3_4_-3334_38
13 0.000448 2 4
13 0.000448 2 3
12 0.000448 2 3 9
15 0.000448 3 0 PTP 3 3_1_-112_49
12 0.000448 2 4 9
15 0.000448 3 0 PTP 4 4_1_-112_50
13 0.000448 2 3
12 0.000448 2 3 9
15 0.000448 3 0 PTP 3 3_1_-112_51
13 0.000448 2 4
12 0.000448 2 4 9
15 0.000448 3 0 PTP 4 4_1_-112_52
13 0.000448 2 3
12 0.000448 2 3 7
15 0.000448 3 0 PTP 3 3_1_-778_53
13 0.000448 2 4
12 0.000448 2 4 7
15 0.000448 3 0 PTP 4 4_1_-778_54
16 0.000448 3 0 PTP 1 4_1_-112_50
16 0.000448 3 0 PTP 1 3_1_-112_49
16 0.000504 3 0 PTP 8 7_8_-3334_40
13 0.000504 2 8
13 0.000504 2 7
12 0.000504 2 7 9
15 0.000504 3 0 PTP 7 7_1_-112_55
12 0.000504 2 8 9
15 0.000504 3 0 PTP 8 8_1_-112_56
13 0.000504 2 7
12 0.000504 2 7 9
15 0.000504 3 0 PTP 7 7_1_-112_57
13 0.000504 2 8
12 0.000504 2 8 9
15 0.000504 3 0 PTP 8 8_1_-112_58
13 0.000504 2 7
12 0.000504 2 7 7
15 0.000504 3 0 PTP 7 7_1_-778_59
13 0.000504 2 8
12 0.000504 2 8 7
15 0.000504 3 0 PTP 8 8_1_-778_60
16 0.000505 3 0 PTP 1 7_1_-112_55
16 0.000505 3 0 PTP 1 8_1_-112_56
16 0.000517 3 0 PTP 12 11_12_-3334_42
13 0.000517 2 12
13 0.000517 2 11
12 0.000517 2 11 9
15 0.000517 3 0 PTP 11 11_1_-112_61
12 0.000517 2 12 9
15 0.000517 3 0 PTP 12 12_1_-112_62
13 0.000517 2 11
12 0.000517 2 11 9
15 0.000517 3 0 PTP 11 11_1_-112_63
13 0.000517 2 12
12 0.000517 2 12 9
15 0.000517 3 0 PTP 12 12_1_-112_64
13 0.000517 2 11
12 0.000517 2 11 7
15 0.000517 3 0 PTP 11 11_1_-778_65
13 0.000517 2 12
12 0.000517 2 12 7
15 0.000517 3 0 PTP 12 12_1_-778_66
16 0.000518 3 0 PTP 1 11_1_-112_61
16 0.000518 3 0 PTP 1 12_1_-112_62
16 0.000519 3 0 PTP 16 15_16_-3334_47
13 0.000519 2 16
13 0.000519 2 15
12 0.000519 2 15 9
15 0.000519 3 0 PTP 15 15_1_-112_67
12 0.000519 2 16 9
15 0.000519 3 0 PTP 16 16_1_-112_68
13 0.000519 2 15
12 0.000519 2 15 9
15 0.000519 3 0 PTP 15 15_1_-112_69
13 0.000519 2 16
12 0.000519 2 16 9
15 0.000519 3 0 PTP 16 16_1_-112_70
13 0.000519 2 15
12 0.000519 2 15 7
15 0.000519 3 0 PTP 15 15_1_-778_71
13 0.000519 2 16
12 0.000519 2 16 7
15 0.000519 3 0 PTP 16 16_1_-778_72
16 0.000520 3 0 PTP 1 16_1_-112_68
16 0.000520 3 0 PTP 1 15_1_-112_67
16 0.000521 3 0 PTP 6 5_6_-3334_41
13 0.000521 2 6
13 0.000521 2 5
12 0.000521 2 5 9
15 0.000521 3 0 PTP 5 5_1_-112_73
12 0.000521 2 6 9
15 0.000521 3 0 PTP 6 6_1_-112_74
13 0.000521 2 5
12 0.000521 2 5 9
15 0.000521 3 0 PTP 5 5_1_-112_75
13 0.000521 2 6
12 0.000521 2 6 9
15 0.000521 3 0 PTP 6 6_1_-112_76
13 0.000521 2 5
12 0.000521 2 5 7
15 0.000521 3 0 PTP 5 5_1_-778_77
13 0.000521 2 6
12 0.000521 2 6 7
15 0.000521 3 0 PTP 6 6_1_-778_78
16 0.000521 3 0 PTP 1 6_1_-112_74
16 0.000521 3 0 PTP 1 5_1_-112_73
16 0.000524 3 0 PTP 10 9_10_-3334_43
13 0.000524 2 10
13 0.000524 2 9
12 0.000524 2 9 9
15 0.000524 3 0 PTP 9 9_1_-112_79
12 0.000524 2 10 9
15 0.000524 3 0 PTP 10 10_1_-112_80
13 0.000524 2 9
12 0.000524 2 9 9
15 0.000524 3 0 PTP 9 9_1_-112_81
13 0.000524 2 10
12 0.000524 2 10 9
15 0.000524 3 0 PTP 10 10_1_-112_82
13 0.000524 2 9
12 0.000524 2 9 7
15 0.000524 3 0 PTP 9 9_1_-778_83
13 0.000524 2 10
12 0.000524 2 10 7
15 0.000524 3 0 PTP 10 10_1_-778_84
16 0.000524 3 0 PTP 1 9_1_-112_79
16 0.000524 3 0 PTP 1 10_1_-112_80
16 0.000531 3 0 PTP 14 13_14_-3334_48
13 0.000531 2 14
13 0.000531 2 13
12 0.000531 2 13 9
15 0.000531 3 0 PTP 13 13_1_-112_85
12 0.000531 2 14 9
15 0.000531 3 0 PTP 14 14_1_-112_86
13 0.000531 2 13
12 0.000531 2 13 9
15 0.000531 3 0 PTP 13 13_1_-112_87
13 0.000531 2 14
12 0.000531 2 14 9
15 0.000531 3 0 PTP 14 14_1_-112_88
13 0.000531 2 13
12 0.000531 2 13 7
15 0.000531 3 0 PTP 13 13_1_-778_89
13 0.000531 2 14
12 0.000531 2 14 7
15 0.000531 3 0 PTP 14 14_1_-778_90
16 0.000531 3 0 PTP 1 14_1_-112_86
16 0.000531 3 0 PTP 1 13_1_-112_85
13 0.000531 2 1
12 0.000531 2 1 9
16 0.000532 3 0 PTP 1 4_1_-112_52
16 0.000532 3 0 PTP 1 2_1_-112_45
16 0.000532 3 0 PTP 1 3_1_-112_51
16 0.000532 3 0 PTP 1 9_1_-112_81
16 0.000532 3 0 PTP 1 6_1_-112_76
16 0.000532 3 0 PTP 1 10_1_-112_82
16 0.000532 3 0 PTP 1 7_1_-112_57
16 0.000532 3 0 PTP 1 5_1_-112_75
16 0.000532 3 0 PTP 1 8_1_-112_58
16 0.000532 3 0 PTP 1 14_1_-112_88
16 0.000532 3 0 PTP 1 16_1_-112_70
16 0.000532 3 0 PTP 1 13_1_-112_87
16 0.000532 3 0 PTP 1 11_1_-112_63
16 0.000532 3 0 PTP 1 12_1_-112_64
16 0.000532 3 0 PTP 1 15_1_-112_69
13 0.000532 2 1
12 0.000532 2 1 7
16 0.000532 3 0 PTP 1 4_1_-778_54
16 0.000532 3 0 PTP 1 2_1_-778_46
16 0.000532 3 0 PTP 1 3_1_-778_53
16 0.000532 3 0 PTP 1 9_1_-778_83
16 0.000532 3 0 PTP 1 6_1_-778_78
16 0.000532 3 0 PTP 1 10_1_-778_84
16 0.000532 3 0 PTP 1 7_1_-778_59
16 0.000532 3 0 PTP 1 5_1_-778_77
16 0.000533 3 0 PTP 1 8_1_-778_60
16 0.000533 3 0 PTP 1 14_1_-778_90
16 0.000533 3 0 PTP 1 16_1_-778_72
16 0.000533 3 0 PTP 1 13_1_-778_89
16 0.000533 3 0 PTP 1 11_1_-778_65
16 0.000533 3 0 PTP 1 12_1_-778_66
16 0.000533 3 0 PTP 1 15_1_-778_71
15 0.000533 3 0 PTP 1 1_2_-778_91
15 0.000533 3 0 PTP 1 1_3_-778_92
15 0.000533 3 0 PTP 1 1_4_-778_93
15 0.000533 3 0 PTP 1 1_5_-778_94
15 0.000533 3 0 PTP 1 1_6_-778_95
15 0.000533 3 0 PTP 1 1_7_-778_96
15 0.000533 3 0 PTP 1 1_8_-778_97
15 0.000533 3 0 PTP 1 1_9_-778_98
15 0.000533 3 0 PTP 1 1_10_-778_99
15 0.000533 3 0 PTP 1 1_11_-778_100
15 0.000533 3 0 PTP 1 1_12_-778_101
15 0.000533 3 0 PTP 1 1_13_-778_102
15 0.000533 3 0 PTP 1 1_14_-778_103
15 0.000533 3 0 PTP 1 1_15_-778_104
15 0.000533 3 0 PTP 1 1_16_-778_105
13 0.000533 2 1
12 0.000533 2 1 10
13 0.000533 2 1
7 0.000533 1 1
16 0.000533 3 0 PTP 4 1_4_-778_93
13 0.000533 2 4
12 0.000533 2 4 10
13 0.000533 2 4
7 0.000533 1 4
16 0.000533 3 0 PTP 2 1_2_-778_91
13 0.000533 2 2
12 0.000533 2 2 10
13 0.000533 2 2
7 0.000533 1 2
16 0.000533 3 0 PTP 3 1_3_-778_92
13 0.000533 2 3
12 0.000533 2 3 10
13 0.000533 2 3
7 0.000533 1 3
16 0.000533 3 0 PTP 9 1_9_-778_98
13 0.000533 2 9
12 0.000533 2 9 10
13 0.000533 2 9
7 0.000533 1 9
16 0.000533 3 0 PTP 6 1_6_-778_95
13 0.000533 2 6
12 0.000533 2 6 10
13 0.000533 2 6
7 0.000533 1 6
16 0.000533 3 0 PTP 10 1_10_-778_99
13 0.000533 2 10
12 0.000533 2 10 10
13 0.000533 2 10
7 0.000533 1 10
16 0.000533 3 0 PTP 7 1_7_-778_96
13 0.000533 2 7
12 0.000533 2 7 10
13 0.000533 2 7
7 0.000533 1 7
16 0.000533 3 0 PTP 5 1_5_-778_94
13 0.000533 2 5
12 0.000533 2 5 10
13 0.000533 2 5
7 0.000533 1 5
16 0.000533 3 0 PTP 8 1_8_-778_97
13 0.000533 2 8
12 0.000533 2 8 10
13 0.000533 2 8
7 0.000533 1 8
16 0.000533 3 0 PTP 14 1_14_-778_103
13 0.000533 2 14
12 0.000533 2 14 10
13 0.000533 2 14
7 0.000533 1 14
16 0.000533 3 0 PTP 16 1_16_-778_105
13 0.000533 2 16
12 0.000533 2 16 10
13 0.000533 2 16
7 0.000533 1 16
16 0.000533 3 0 PTP 13 1_13_-778_102
13 0.000533 2 13
12 0.000533 2 13 10
13 0.000533 2 13
7 0.000533 1 13
16 0.000533 3 0 PTP 11 1_11_-778_100
13 0.000533 2 11
12 0.000533 2 11 10
13 0.000533 2 11
7 0.000533 1 11
16 0.000533 3 0 PTP 12 1_12_-778_101
13 0.000533 2 12
12 0.000533 2 12 10
13 0.000533 2 12
7 0.000533 1 12
16 0.000533 3 0 PTP 15 1_15_-778_104
13 0.000533 2 15
12 0.000533 2 15 10
13 0.000533 2 15
7 0.000533 1 15
