#This file was generated using SimGrid-3.35.0
#[bin/runner topo/16K3/platform_16K3Het.xml srda 4194304 512 0 /dev/null ]
%EventDef PajeDefineContainerType 0
%       Alias string
%       Type string
%       Name string
%EndEventDef
%EventDef PajeDefineVariableType 1
%       Alias string
%       Type string
%       Name string
%       Color color
%EndEventDef
%EventDef PajeDefineStateType 2
%       Alias string
%       Type string
%       Name string
%EndEventDef
%EventDef PajeDefineEventType 3
%       Alias string
%       Type string
%       Name string
%EndEventDef
%EventDef PajeDefineLinkType 4
%       Alias string
%       Type string
%       StartContainerType string
%       EndContainerType string
%       Name string
%EndEventDef
%EventDef PajeDefineEntityValue 5
%       Alias string
%       Type string
%       Name string
%       Color color
%EndEventDef
%EventDef PajeCreateContainer 6
%       Time date
%       Alias string
%       Type string
%       Container string
%       Name string
%EndEventDef
%EventDef PajeDestroyContainer 7
%       Time date
%       Type string
%       Name string
%EndEventDef
%EventDef PajeSetVariable 8
%       Time date
%       Type string
%       Container string
%       Value double
%EndEventDef
%EventDef PajeAddVariable 9
%       Time date
%       Type string
%       Container string
%       Value double
%EndEventDef
%EventDef PajeSubVariable 10
%       Time date
%       Type string
%       Container string
%       Value double
%EndEventDef
%EventDef PajeSetState 11
%       Time date
%       Type string
%       Container string
%       Value string
%EndEventDef
%EventDef PajePushState 12
%       Time date
%       Type string
%       Container string
%       Value string
%EndEventDef
%EventDef PajePopState 13
%       Time date
%       Type string
%       Container string
%EndEventDef
%EventDef PajeResetState 14
%       Time date
%       Type string
%       Container string
%EndEventDef
%EventDef PajeStartLink 15
%       Time date
%       Type string
%       Container string
%       Value string
%       StartContainer string
%       Key string
%EndEventDef
%EventDef PajeEndLink 16
%       Time date
%       Type string
%       Container string
%       Value string
%       EndContainer string
%       Key string
%EndEventDef
%EventDef PajeNewEvent 17
%       Time date
%       Type string
%       Container string
%       Value string
%EndEventDef
0 1 0 MPI
2 2 1 MPI_STATE
4 3 0 1 1 MPI_LINK
4 4 0 1 1 MIGRATE_LINK
2 5 1 MIGRATE_STATE
6 0.000000 1 1 0 "rank-0"
6 0.000000 2 1 0 "rank-1"
6 0.000000 3 1 0 "rank-2"
6 0.000000 4 1 0 "rank-3"
6 0.000000 5 1 0 "rank-4"
6 0.000000 6 1 0 "rank-5"
6 0.000000 7 1 0 "rank-6"
6 0.000000 8 1 0 "rank-7"
6 0.000000 9 1 0 "rank-8"
6 0.000000 10 1 0 "rank-9"
6 0.000000 11 1 0 "rank-10"
6 0.000000 12 1 0 "rank-11"
6 0.000000 13 1 0 "rank-12"
6 0.000000 14 1 0 "rank-13"
6 0.000000 15 1 0 "rank-14"
6 0.000000 16 1 0 "rank-15"
5 6 2 PMPI_Init "0 1 0"
5 7 2 PMPI_Barrier "0 0.39 0.78"
12 0.000000 2 1 6
13 0.000000 2 1
12 0.000000 2 2 6
13 0.000000 2 2
12 0.000000 2 3 6
13 0.000000 2 3
12 0.000000 2 4 6
13 0.000000 2 4
12 0.000000 2 5 6
13 0.000000 2 5
12 0.000000 2 6 6
13 0.000000 2 6
12 0.000000 2 7 6
13 0.000000 2 7
12 0.000000 2 8 6
13 0.000000 2 8
12 0.000000 2 9 6
13 0.000000 2 9
12 0.000000 2 10 6
13 0.000000 2 10
12 0.000000 2 11 6
13 0.000000 2 11
12 0.000000 2 12 6
13 0.000000 2 12
12 0.000000 2 13 6
13 0.000000 2 13
12 0.000000 2 14 6
13 0.000000 2 14
12 0.000000 2 15 6
13 0.000000 2 15
12 0.000000 2 16 6
13 0.000000 2 16
12 0.000000 2 1 7
12 0.000000 2 2 7
15 0.000000 3 0 PTP 2 2_1_-778_1
12 0.000000 2 3 7
15 0.000000 3 0 PTP 3 3_1_-778_2
12 0.000000 2 4 7
15 0.000000 3 0 PTP 4 4_1_-778_3
12 0.000000 2 5 7
15 0.000000 3 0 PTP 5 5_1_-778_4
12 0.000000 2 6 7
15 0.000000 3 0 PTP 6 6_1_-778_5
12 0.000000 2 7 7
15 0.000000 3 0 PTP 7 7_1_-778_6
12 0.000000 2 8 7
15 0.000000 3 0 PTP 8 8_1_-778_7
12 0.000000 2 9 7
15 0.000000 3 0 PTP 9 9_1_-778_8
12 0.000000 2 10 7
15 0.000000 3 0 PTP 10 10_1_-778_9
12 0.000000 2 11 7
15 0.000000 3 0 PTP 11 11_1_-778_10
12 0.000000 2 12 7
15 0.000000 3 0 PTP 12 12_1_-778_11
12 0.000000 2 13 7
15 0.000000 3 0 PTP 13 13_1_-778_12
12 0.000000 2 14 7
15 0.000000 3 0 PTP 14 14_1_-778_13
12 0.000000 2 15 7
15 0.000000 3 0 PTP 15 15_1_-778_14
12 0.000000 2 16 7
15 0.000000 3 0 PTP 16 16_1_-778_15
5 8 2 PMPI_Scatter "1 0.74 0.54"
5 9 2 PMPI_Sendrecv "0 1 1"
5 10 2 PMPI_Reduce "0 1 0"
5 11 2 PMPI_Finalize "0 1 0"
16 0.000000 3 0 PTP 1 4_1_-778_3
16 0.000000 3 0 PTP 1 2_1_-778_1
16 0.000000 3 0 PTP 1 3_1_-778_2
16 0.000000 3 0 PTP 1 9_1_-778_8
16 0.000000 3 0 PTP 1 6_1_-778_5
16 0.000000 3 0 PTP 1 10_1_-778_9
16 0.000000 3 0 PTP 1 7_1_-778_6
16 0.000000 3 0 PTP 1 5_1_-778_4
16 0.000000 3 0 PTP 1 8_1_-778_7
16 0.000001 3 0 PTP 1 14_1_-778_13
16 0.000001 3 0 PTP 1 16_1_-778_15
16 0.000001 3 0 PTP 1 13_1_-778_12
16 0.000001 3 0 PTP 1 11_1_-778_10
16 0.000001 3 0 PTP 1 12_1_-778_11
16 0.000001 3 0 PTP 1 15_1_-778_14
15 0.000001 3 0 PTP 1 1_2_-778_16
15 0.000001 3 0 PTP 1 1_3_-778_17
15 0.000001 3 0 PTP 1 1_4_-778_18
15 0.000001 3 0 PTP 1 1_5_-778_19
15 0.000001 3 0 PTP 1 1_6_-778_20
15 0.000001 3 0 PTP 1 1_7_-778_21
15 0.000001 3 0 PTP 1 1_8_-778_22
15 0.000001 3 0 PTP 1 1_9_-778_23
15 0.000001 3 0 PTP 1 1_10_-778_24
15 0.000001 3 0 PTP 1 1_11_-778_25
15 0.000001 3 0 PTP 1 1_12_-778_26
15 0.000001 3 0 PTP 1 1_13_-778_27
15 0.000001 3 0 PTP 1 1_14_-778_28
15 0.000001 3 0 PTP 1 1_15_-778_29
15 0.000001 3 0 PTP 1 1_16_-778_30
13 0.000001 2 1
12 0.000001 2 1 8
15 0.000001 3 0 PTP 1 1_2_-223_31
15 0.000001 3 0 PTP 1 1_3_-223_32
15 0.000001 3 0 PTP 1 1_4_-223_33
15 0.000001 3 0 PTP 1 1_5_-223_34
15 0.000001 3 0 PTP 1 1_6_-223_35
15 0.000001 3 0 PTP 1 1_7_-223_36
15 0.000001 3 0 PTP 1 1_8_-223_37
15 0.000001 3 0 PTP 1 1_9_-223_38
15 0.000001 3 0 PTP 1 1_10_-223_39
15 0.000001 3 0 PTP 1 1_11_-223_40
15 0.000001 3 0 PTP 1 1_12_-223_41
15 0.000001 3 0 PTP 1 1_13_-223_42
15 0.000001 3 0 PTP 1 1_14_-223_43
15 0.000001 3 0 PTP 1 1_15_-223_44
15 0.000001 3 0 PTP 1 1_16_-223_45
16 0.000001 3 0 PTP 4 1_4_-778_18
13 0.000001 2 4
12 0.000001 2 4 8
16 0.000001 3 0 PTP 2 1_2_-778_16
13 0.000001 2 2
12 0.000001 2 2 8
16 0.000001 3 0 PTP 3 1_3_-778_17
13 0.000001 2 3
12 0.000001 2 3 8
16 0.000001 3 0 PTP 9 1_9_-778_23
13 0.000001 2 9
12 0.000001 2 9 8
16 0.000001 3 0 PTP 6 1_6_-778_20
13 0.000001 2 6
12 0.000001 2 6 8
16 0.000001 3 0 PTP 10 1_10_-778_24
13 0.000001 2 10
12 0.000001 2 10 8
16 0.000001 3 0 PTP 7 1_7_-778_21
13 0.000001 2 7
16 0.000001 3 0 PTP 5 1_5_-778_19
13 0.000001 2 5
12 0.000001 2 7 8
12 0.000001 2 5 8
16 0.000001 3 0 PTP 8 1_8_-778_22
13 0.000001 2 8
12 0.000001 2 8 8
16 0.000001 3 0 PTP 14 1_14_-778_28
13 0.000001 2 14
12 0.000001 2 14 8
16 0.000001 3 0 PTP 16 1_16_-778_30
13 0.000001 2 16
12 0.000001 2 16 8
16 0.000001 3 0 PTP 13 1_13_-778_27
13 0.000001 2 13
12 0.000001 2 13 8
16 0.000001 3 0 PTP 11 1_11_-778_25
13 0.000001 2 11
12 0.000001 2 11 8
16 0.000001 3 0 PTP 12 1_12_-778_26
13 0.000001 2 12
12 0.000001 2 12 8
16 0.000001 3 0 PTP 15 1_15_-778_29
13 0.000001 2 15
12 0.000001 2 15 8
16 0.000010 3 0 PTP 4 1_4_-223_33
13 0.000010 2 4
12 0.000010 2 4 9
15 0.000010 3 0 PTP 4 4_2_0_46
15 0.000010 3 0 PTP 4 4_3_0_47
16 0.000015 3 0 PTP 2 1_2_-223_31
13 0.000015 2 2
12 0.000015 2 2 9
15 0.000015 3 0 PTP 2 2_0_0_48
15 0.000015 3 0 PTP 2 2_1_0_49
16 0.000016 3 0 PTP 10 1_10_-223_39
13 0.000016 2 10
12 0.000016 2 10 9
15 0.000016 3 0 PTP 10 10_8_0_50
15 0.000016 3 0 PTP 10 10_9_0_51
16 0.000017 3 0 PTP 9 1_9_-223_38
13 0.000017 2 9
12 0.000017 2 9 9
15 0.000017 3 0 PTP 9 9_9_0_52
15 0.000017 3 0 PTP 9 9_10_0_53
16 0.000018 3 0 PTP 3 1_3_-223_32
13 0.000018 2 3
12 0.000018 2 3 9
15 0.000018 3 0 PTP 3 3_3_0_54
15 0.000018 3 0 PTP 3 3_4_0_55
16 0.000028 3 0 PTP 6 1_6_-223_35
13 0.000028 2 6
12 0.000028 2 6 9
15 0.000028 3 0 PTP 6 6_4_0_56
15 0.000028 3 0 PTP 6 6_5_0_57
16 0.000031 3 0 PTP 5 1_5_-223_34
13 0.000031 2 5
12 0.000031 2 5 9
15 0.000031 3 0 PTP 5 5_5_0_58
15 0.000031 3 0 PTP 5 5_6_0_59
16 0.000032 3 0 PTP 9 10_9_0_51
16 0.000032 3 0 PTP 10 9_10_0_53
16 0.000032 3 0 PTP 10 8_10_0_60
13 0.000032 2 10
12 0.000032 2 10 9
15 0.000032 3 0 PTP 10 10_11_1_61
15 0.000032 3 0 PTP 10 10_12_1_62
16 0.000032 3 0 PTP 9 9_9_0_52
13 0.000032 2 9
12 0.000032 2 9 9
15 0.000032 3 0 PTP 9 9_10_1_63
15 0.000032 3 0 PTP 9 9_11_1_64
16 0.000037 3 0 PTP 16 1_16_-223_45
13 0.000037 2 16
12 0.000037 2 16 9
15 0.000037 3 0 PTP 16 16_14_0_65
15 0.000037 3 0 PTP 16 16_15_0_66
16 0.000037 3 0 PTP 14 1_14_-223_43
13 0.000037 2 14
12 0.000037 2 14 9
15 0.000037 3 0 PTP 14 14_12_0_67
15 0.000037 3 0 PTP 14 14_13_0_68
16 0.000038 3 0 PTP 7 1_7_-223_36
13 0.000038 2 7
12 0.000038 2 7 9
15 0.000038 3 0 PTP 7 7_7_0_69
15 0.000038 3 0 PTP 7 7_8_0_70
16 0.000039 3 0 PTP 8 1_8_-223_37
13 0.000039 2 8
12 0.000039 2 8 9
15 0.000039 3 0 PTP 8 8_6_0_71
15 0.000039 3 0 PTP 8 8_7_0_72
16 0.000043 3 0 PTP 11 1_11_-223_40
13 0.000043 2 11
12 0.000043 2 11 9
15 0.000043 3 0 PTP 11 11_11_0_73
15 0.000043 3 0 PTP 11 11_12_0_74
16 0.000043 3 0 PTP 12 1_12_-223_41
13 0.000043 2 12
12 0.000043 2 12 9
15 0.000043 3 0 PTP 12 12_10_0_75
15 0.000043 3 0 PTP 12 12_11_0_76
16 0.000049 3 0 PTP 13 1_13_-223_42
13 0.000049 2 13
12 0.000049 2 13 9
15 0.000049 3 0 PTP 13 13_13_0_77
15 0.000049 3 0 PTP 13 13_14_0_78
16 0.000049 3 0 PTP 3 4_3_0_47
16 0.000049 3 0 PTP 4 3_4_0_55
16 0.000049 3 0 PTP 4 2_4_0_79
13 0.000049 2 4
12 0.000049 2 4 9
15 0.000049 3 0 PTP 4 4_1_1_80
15 0.000049 3 0 PTP 4 4_2_1_81
16 0.000049 3 0 PTP 3 3_3_0_54
13 0.000049 2 3
12 0.000049 2 3 9
15 0.000049 3 0 PTP 3 3_0_1_82
15 0.000049 3 0 PTP 3 3_1_1_83
16 0.000051 3 0 PTP 15 1_15_-223_44
13 0.000051 2 15
12 0.000051 2 15 9
15 0.000051 3 0 PTP 15 15_15_0_84
15 0.000051 3 0 PTP 15 15_16_0_85
13 0.000051 2 1
12 0.000051 2 1 9
15 0.000051 3 0 PTP 1 1_1_0_86
15 0.000051 3 0 PTP 1 1_2_0_87
16 0.000052 3 0 PTP 5 6_5_0_57
16 0.000052 3 0 PTP 6 5_6_0_59
16 0.000052 3 0 PTP 6 4_6_0_88
13 0.000052 2 6
12 0.000052 2 6 9
15 0.000052 3 0 PTP 6 6_7_1_89
15 0.000052 3 0 PTP 6 6_8_1_90
16 0.000052 3 0 PTP 5 5_5_0_58
13 0.000052 2 5
12 0.000052 2 5 9
15 0.000052 3 0 PTP 5 5_6_1_91
15 0.000052 3 0 PTP 5 5_7_1_92
16 0.000055 3 0 PTP 8 7_8_0_70
16 0.000055 3 0 PTP 7 8_7_0_72
16 0.000055 3 0 PTP 7 7_7_0_69
13 0.000055 2 7
12 0.000055 2 7 9
15 0.000055 3 0 PTP 7 7_4_1_93
15 0.000055 3 0 PTP 7 7_5_1_94
16 0.000055 3 0 PTP 8 6_8_0_95
13 0.000055 2 8
12 0.000055 2 8 9
15 0.000055 3 0 PTP 8 8_5_1_96
15 0.000055 3 0 PTP 8 8_6_1_97
16 0.000058 3 0 PTP 12 11_12_0_74
16 0.000058 3 0 PTP 11 12_11_0_76
16 0.000058 3 0 PTP 11 11_11_0_73
13 0.000058 2 11
12 0.000058 2 11 9
15 0.000058 3 0 PTP 11 11_8_1_98
15 0.000058 3 0 PTP 11 11_9_1_99
16 0.000058 3 0 PTP 12 10_12_0_100
13 0.000058 2 12
12 0.000058 2 12 9
15 0.000058 3 0 PTP 12 12_9_1_101
15 0.000058 3 0 PTP 12 12_10_1_102
16 0.000063 3 0 PTP 1 2_1_0_49
16 0.000063 3 0 PTP 2 1_2_0_87
16 0.000063 3 0 PTP 2 0_2_0_103
13 0.000063 2 2
12 0.000063 2 2 9
15 0.000063 3 0 PTP 2 2_3_1_104
15 0.000063 3 0 PTP 2 2_4_1_105
16 0.000063 3 0 PTP 1 1_1_0_86
13 0.000063 2 1
12 0.000063 2 1 9
15 0.000063 3 0 PTP 1 1_2_1_106
15 0.000063 3 0 PTP 1 1_3_1_107
16 0.000065 3 0 PTP 15 16_15_0_66
16 0.000065 3 0 PTP 16 15_16_0_85
16 0.000065 3 0 PTP 16 14_16_0_108
13 0.000065 2 16
12 0.000065 2 16 9
15 0.000065 3 0 PTP 16 16_13_1_109
15 0.000065 3 0 PTP 16 16_14_1_110
16 0.000065 3 0 PTP 15 15_15_0_84
13 0.000065 2 15
12 0.000065 2 15 9
15 0.000065 3 0 PTP 15 15_12_1_111
15 0.000065 3 0 PTP 15 15_13_1_112
16 0.000072 3 0 PTP 13 14_13_0_68
16 0.000072 3 0 PTP 14 13_14_0_78
16 0.000072 3 0 PTP 14 12_14_0_113
13 0.000072 2 14
12 0.000072 2 14 9
15 0.000072 3 0 PTP 14 14_15_1_114
15 0.000072 3 0 PTP 14 14_16_1_115
16 0.000072 3 0 PTP 13 13_13_0_77
13 0.000072 2 13
12 0.000072 2 13 9
15 0.000072 3 0 PTP 13 13_14_1_116
15 0.000072 3 0 PTP 13 13_15_1_117
16 0.000086 3 0 PTP 2 4_2_1_81
16 0.000086 3 0 PTP 4 2_4_1_105
16 0.000086 3 0 PTP 4 1_4_1_118
13 0.000086 2 4
12 0.000086 2 4 9
15 0.000086 3 0 PTP 4 4_7_2_119
15 0.000086 3 0 PTP 4 4_8_2_120
16 0.000086 3 0 PTP 2 3_2_1_121
13 0.000086 2 2
12 0.000086 2 2 9
15 0.000086 3 0 PTP 2 2_5_2_122
15 0.000086 3 0 PTP 2 2_6_2_123
16 0.000091 3 0 PTP 1 3_1_1_83
16 0.000091 3 0 PTP 3 1_3_1_107
16 0.000091 3 0 PTP 3 0_3_1_124
13 0.000091 2 3
12 0.000091 2 3 9
15 0.000091 3 0 PTP 3 3_6_2_125
15 0.000091 3 0 PTP 3 3_7_2_126
16 0.000091 3 0 PTP 1 2_1_1_127
13 0.000091 2 1
12 0.000091 2 1 9
15 0.000091 3 0 PTP 1 1_4_2_128
15 0.000091 3 0 PTP 1 1_5_2_129
16 0.000098 3 0 PTP 7 5_7_1_92
16 0.000098 3 0 PTP 5 7_5_1_94
16 0.000098 3 0 PTP 5 6_5_1_130
13 0.000098 2 5
12 0.000098 2 5 9
15 0.000098 3 0 PTP 5 5_0_2_131
15 0.000098 3 0 PTP 5 5_1_2_132
16 0.000098 3 0 PTP 7 4_7_1_133
13 0.000098 2 7
12 0.000098 2 7 9
15 0.000098 3 0 PTP 7 7_2_2_134
15 0.000098 3 0 PTP 7 7_3_2_135
16 0.000099 3 0 PTP 8 6_8_1_90
16 0.000099 3 0 PTP 6 8_6_1_97
16 0.000099 3 0 PTP 6 7_6_1_136
13 0.000099 2 6
12 0.000099 2 6 9
15 0.000099 3 0 PTP 6 6_1_2_137
15 0.000099 3 0 PTP 6 6_2_2_138
16 0.000099 3 0 PTP 8 5_8_1_139
13 0.000099 2 8
12 0.000099 2 8 9
15 0.000099 3 0 PTP 8 8_3_2_140
15 0.000099 3 0 PTP 8 8_4_2_141
16 0.000100 3 0 PTP 12 10_12_1_62
16 0.000100 3 0 PTP 10 12_10_1_102
16 0.000100 3 0 PTP 10 11_10_1_142
13 0.000100 2 10
12 0.000100 2 10 9
15 0.000100 3 0 PTP 10 10_13_2_143
15 0.000100 3 0 PTP 10 10_14_2_144
16 0.000100 3 0 PTP 12 9_12_1_145
13 0.000100 2 12
12 0.000100 2 12 9
15 0.000100 3 0 PTP 12 12_15_2_146
15 0.000100 3 0 PTP 12 12_16_2_147
16 0.000109 3 0 PTP 11 9_11_1_64
16 0.000109 3 0 PTP 9 11_9_1_99
16 0.000109 3 0 PTP 9 10_9_1_148
13 0.000109 2 9
12 0.000109 2 9 9
15 0.000109 3 0 PTP 9 9_12_2_149
15 0.000109 3 0 PTP 9 9_13_2_150
16 0.000109 3 0 PTP 11 8_11_1_151
13 0.000109 2 11
12 0.000109 2 11 9
15 0.000109 3 0 PTP 11 11_14_2_152
15 0.000109 3 0 PTP 11 11_15_2_153
16 0.000116 3 0 PTP 14 16_14_1_110
16 0.000116 3 0 PTP 16 14_16_1_115
16 0.000116 3 0 PTP 16 13_16_1_154
13 0.000116 2 16
12 0.000116 2 16 9
15 0.000116 3 0 PTP 16 16_11_2_155
15 0.000116 3 0 PTP 16 16_12_2_156
16 0.000116 3 0 PTP 14 15_14_1_157
13 0.000116 2 14
12 0.000116 2 14 9
15 0.000116 3 0 PTP 14 14_9_2_158
15 0.000116 3 0 PTP 14 14_10_2_159
16 0.000116 3 0 PTP 13 15_13_1_112
16 0.000116 3 0 PTP 15 13_15_1_117
16 0.000116 3 0 PTP 15 12_15_1_160
13 0.000116 2 15
12 0.000116 2 15 9
15 0.000116 3 0 PTP 15 15_10_2_161
15 0.000116 3 0 PTP 15 15_11_2_162
16 0.000116 3 0 PTP 13 14_13_1_163
13 0.000116 2 13
12 0.000116 2 13 9
15 0.000116 3 0 PTP 13 13_8_2_164
15 0.000116 3 0 PTP 13 13_9_2_165
16 0.000145 3 0 PTP 6 2_6_2_123
16 0.000145 3 0 PTP 2 6_2_2_138
16 0.000145 3 0 PTP 2 5_2_2_166
13 0.000145 2 2
12 0.000145 2 2 9
15 0.000145 3 0 PTP 2 2_9_3_167
15 0.000145 3 0 PTP 2 2_10_3_168
16 0.000145 3 0 PTP 6 1_6_2_169
13 0.000145 2 6
12 0.000145 2 6 9
15 0.000145 3 0 PTP 6 6_13_3_170
15 0.000145 3 0 PTP 6 6_14_3_171
16 0.000148 3 0 PTP 7 3_7_2_126
16 0.000148 3 0 PTP 3 7_3_2_135
16 0.000148 3 0 PTP 3 6_3_2_172
13 0.000148 2 3
12 0.000148 2 3 9
15 0.000148 3 0 PTP 3 3_10_3_173
15 0.000148 3 0 PTP 3 3_11_3_174
16 0.000148 3 0 PTP 7 2_7_2_175
13 0.000148 2 7
12 0.000148 2 7 9
15 0.000148 3 0 PTP 7 7_14_3_176
15 0.000148 3 0 PTP 7 7_15_3_177
16 0.000157 3 0 PTP 8 4_8_2_120
16 0.000157 3 0 PTP 4 8_4_2_141
16 0.000157 3 0 PTP 4 7_4_2_178
13 0.000157 2 4
12 0.000157 2 4 9
15 0.000157 3 0 PTP 4 4_11_3_179
15 0.000157 3 0 PTP 4 4_12_3_180
16 0.000157 3 0 PTP 8 3_8_2_181
13 0.000157 2 8
12 0.000157 2 8 9
15 0.000157 3 0 PTP 8 8_15_3_182
15 0.000157 3 0 PTP 8 8_16_3_183
16 0.000158 3 0 PTP 5 1_5_2_129
16 0.000158 3 0 PTP 1 5_1_2_132
16 0.000158 3 0 PTP 1 4_1_2_184
13 0.000158 2 1
12 0.000158 2 1 9
15 0.000158 3 0 PTP 1 1_8_3_185
15 0.000158 3 0 PTP 1 1_9_3_186
16 0.000158 3 0 PTP 5 0_5_2_187
13 0.000158 2 5
12 0.000158 2 5 9
15 0.000158 3 0 PTP 5 5_12_3_188
15 0.000158 3 0 PTP 5 5_13_3_189
16 0.000171 3 0 PTP 15 11_15_2_153
16 0.000171 3 0 PTP 11 15_11_2_162
16 0.000171 3 0 PTP 11 14_11_2_190
13 0.000171 2 11
12 0.000171 2 11 9
15 0.000171 3 0 PTP 11 11_2_3_191
15 0.000171 3 0 PTP 11 11_3_3_192
16 0.000171 3 0 PTP 15 10_15_2_193
13 0.000171 2 15
12 0.000171 2 15 9
15 0.000171 3 0 PTP 15 15_6_3_194
15 0.000171 3 0 PTP 15 15_7_3_195
16 0.000175 3 0 PTP 10 14_10_2_159
16 0.000175 3 0 PTP 10 13_10_2_196
13 0.000175 2 10
12 0.000175 2 10 9
15 0.000175 3 0 PTP 10 10_1_3_197
15 0.000175 3 0 PTP 10 10_2_3_198
16 0.000175 3 0 PTP 14 10_14_2_144
16 0.000175 3 0 PTP 14 9_14_2_199
13 0.000175 2 14
12 0.000175 2 14 9
15 0.000175 3 0 PTP 14 14_5_3_200
15 0.000175 3 0 PTP 14 14_6_3_201
16 0.000185 3 0 PTP 13 9_13_2_150
16 0.000185 3 0 PTP 9 13_9_2_165
16 0.000185 3 0 PTP 9 12_9_2_202
13 0.000185 2 9
12 0.000185 2 9 9
15 0.000185 3 0 PTP 9 9_0_3_203
15 0.000185 3 0 PTP 9 9_1_3_204
16 0.000185 3 0 PTP 13 8_13_2_205
13 0.000185 2 13
12 0.000185 2 13 9
15 0.000185 3 0 PTP 13 13_4_3_206
15 0.000185 3 0 PTP 13 13_5_3_207
16 0.000219 3 0 PTP 16 12_16_2_147
16 0.000219 3 0 PTP 12 16_12_2_156
16 0.000219 3 0 PTP 12 15_12_2_208
13 0.000219 2 12
12 0.000219 2 12 9
15 0.000219 3 0 PTP 12 12_3_3_209
15 0.000219 3 0 PTP 12 12_4_3_210
16 0.000219 3 0 PTP 16 11_16_2_211
13 0.000219 2 16
12 0.000219 2 16 9
15 0.000219 3 0 PTP 16 16_7_3_212
15 0.000219 3 0 PTP 16 16_8_3_213
16 0.000309 3 0 PTP 10 2_10_3_168
16 0.000309 3 0 PTP 2 10_2_3_198
16 0.000309 3 0 PTP 2 9_2_3_214
13 0.000309 2 2
16 0.000309 3 0 PTP 10 1_10_3_215
13 0.000309 2 10
12 0.000309 2 10 10
15 0.000309 3 0 PTP 10 10_1_-112_216
12 0.000309 2 2 10
15 0.000309 3 0 PTP 2 2_1_-112_217
13 0.000309 2 10
12 0.000309 2 10 10
15 0.000309 3 0 PTP 10 10_1_-112_218
13 0.000309 2 2
12 0.000309 2 2 10
15 0.000309 3 0 PTP 2 2_1_-112_219
13 0.000309 2 10
12 0.000309 2 10 7
15 0.000309 3 0 PTP 10 10_1_-778_220
13 0.000309 2 2
12 0.000309 2 2 7
15 0.000309 3 0 PTP 2 2_1_-778_221
16 0.000319 3 0 PTP 14 6_14_3_171
16 0.000319 3 0 PTP 6 14_6_3_201
16 0.000319 3 0 PTP 6 13_6_3_222
13 0.000319 2 6
16 0.000319 3 0 PTP 14 5_14_3_223
13 0.000319 2 14
12 0.000319 2 14 10
15 0.000319 3 0 PTP 14 14_1_-112_224
12 0.000319 2 6 10
15 0.000319 3 0 PTP 6 6_1_-112_225
13 0.000319 2 14
12 0.000319 2 14 10
15 0.000319 3 0 PTP 14 14_1_-112_226
13 0.000319 2 6
12 0.000319 2 6 10
15 0.000319 3 0 PTP 6 6_1_-112_227
13 0.000319 2 14
12 0.000319 2 14 7
15 0.000319 3 0 PTP 14 14_1_-778_228
13 0.000319 2 6
12 0.000319 2 6 7
15 0.000319 3 0 PTP 6 6_1_-778_229
16 0.000378 3 0 PTP 9 1_9_3_186
16 0.000378 3 0 PTP 1 9_1_3_204
16 0.000378 3 0 PTP 1 8_1_3_230
13 0.000378 2 1
16 0.000378 3 0 PTP 9 0_9_3_231
13 0.000378 2 9
12 0.000378 2 9 10
15 0.000378 3 0 PTP 9 9_1_-112_232
12 0.000378 2 1 10
13 0.000378 2 9
12 0.000378 2 9 10
15 0.000378 3 0 PTP 9 9_1_-112_233
13 0.000378 2 9
12 0.000378 2 9 7
15 0.000378 3 0 PTP 9 9_1_-778_234
16 0.000379 3 0 PTP 1 2_1_-112_217
16 0.000379 3 0 PTP 1 9_1_-112_232
16 0.000379 3 0 PTP 1 6_1_-112_225
16 0.000379 3 0 PTP 1 10_1_-112_216
16 0.000379 3 0 PTP 1 14_1_-112_224
16 0.000407 3 0 PTP 12 4_12_3_180
16 0.000407 3 0 PTP 4 12_4_3_210
16 0.000407 3 0 PTP 4 11_4_3_235
13 0.000407 2 4
16 0.000407 3 0 PTP 12 3_12_3_236
13 0.000407 2 12
12 0.000407 2 12 10
15 0.000407 3 0 PTP 12 12_1_-112_237
12 0.000407 2 4 10
15 0.000407 3 0 PTP 4 4_1_-112_238
13 0.000407 2 12
12 0.000407 2 12 10
15 0.000407 3 0 PTP 12 12_1_-112_239
13 0.000407 2 4
12 0.000407 2 4 10
15 0.000407 3 0 PTP 4 4_1_-112_240
13 0.000407 2 12
12 0.000407 2 12 7
15 0.000407 3 0 PTP 12 12_1_-778_241
13 0.000407 2 4
12 0.000407 2 4 7
15 0.000407 3 0 PTP 4 4_1_-778_242
16 0.000407 3 0 PTP 1 4_1_-112_238
16 0.000407 3 0 PTP 1 12_1_-112_237
16 0.000410 3 0 PTP 16 8_16_3_183
16 0.000410 3 0 PTP 8 16_8_3_213
16 0.000410 3 0 PTP 8 15_8_3_243
13 0.000410 2 8
16 0.000410 3 0 PTP 16 7_16_3_244
13 0.000410 2 16
12 0.000410 2 16 10
15 0.000410 3 0 PTP 16 16_1_-112_245
12 0.000410 2 8 10
15 0.000410 3 0 PTP 8 8_1_-112_246
13 0.000410 2 16
12 0.000410 2 16 10
15 0.000410 3 0 PTP 16 16_1_-112_247
13 0.000410 2 8
12 0.000410 2 8 10
15 0.000410 3 0 PTP 8 8_1_-112_248
13 0.000410 2 16
12 0.000410 2 16 7
15 0.000410 3 0 PTP 16 16_1_-778_249
13 0.000410 2 8
12 0.000410 2 8 7
15 0.000410 3 0 PTP 8 8_1_-778_250
16 0.000410 3 0 PTP 1 8_1_-112_246
16 0.000410 3 0 PTP 1 16_1_-112_245
16 0.000446 3 0 PTP 11 3_11_3_174
16 0.000446 3 0 PTP 3 11_3_3_192
16 0.000446 3 0 PTP 3 10_3_3_251
13 0.000446 2 3
16 0.000446 3 0 PTP 11 2_11_3_252
13 0.000446 2 11
12 0.000446 2 11 10
15 0.000446 3 0 PTP 11 11_1_-112_253
12 0.000446 2 3 10
15 0.000446 3 0 PTP 3 3_1_-112_254
13 0.000446 2 11
12 0.000446 2 11 10
15 0.000446 3 0 PTP 11 11_1_-112_255
13 0.000446 2 3
12 0.000446 2 3 10
15 0.000446 3 0 PTP 3 3_1_-112_256
13 0.000446 2 11
12 0.000446 2 11 7
15 0.000446 3 0 PTP 11 11_1_-778_257
13 0.000446 2 3
12 0.000446 2 3 7
15 0.000446 3 0 PTP 3 3_1_-778_258
16 0.000446 3 0 PTP 1 3_1_-112_254
16 0.000447 3 0 PTP 1 11_1_-112_253
16 0.000452 3 0 PTP 15 7_15_3_177
16 0.000452 3 0 PTP 7 15_7_3_195
16 0.000452 3 0 PTP 7 14_7_3_259
13 0.000452 2 7
16 0.000452 3 0 PTP 15 6_15_3_260
13 0.000452 2 15
12 0.000452 2 15 10
15 0.000452 3 0 PTP 15 15_1_-112_261
12 0.000452 2 7 10
15 0.000452 3 0 PTP 7 7_1_-112_262
13 0.000452 2 15
12 0.000452 2 15 10
15 0.000452 3 0 PTP 15 15_1_-112_263
13 0.000452 2 7
12 0.000452 2 7 10
15 0.000452 3 0 PTP 7 7_1_-112_264
13 0.000452 2 15
12 0.000452 2 15 7
15 0.000452 3 0 PTP 15 15_1_-778_265
13 0.000452 2 7
12 0.000452 2 7 7
15 0.000452 3 0 PTP 7 7_1_-778_266
16 0.000452 3 0 PTP 1 7_1_-112_262
16 0.000453 3 0 PTP 1 15_1_-112_261
16 0.000486 3 0 PTP 13 5_13_3_189
16 0.000486 3 0 PTP 5 13_5_3_207
16 0.000486 3 0 PTP 5 12_5_3_267
13 0.000486 2 5
16 0.000486 3 0 PTP 13 4_13_3_268
13 0.000486 2 13
12 0.000486 2 13 10
15 0.000486 3 0 PTP 13 13_1_-112_269
12 0.000486 2 5 10
15 0.000486 3 0 PTP 5 5_1_-112_270
13 0.000486 2 13
12 0.000486 2 13 10
15 0.000486 3 0 PTP 13 13_1_-112_271
13 0.000486 2 5
12 0.000486 2 5 10
15 0.000486 3 0 PTP 5 5_1_-112_272
13 0.000486 2 13
12 0.000486 2 13 7
15 0.000486 3 0 PTP 13 13_1_-778_273
13 0.000486 2 5
12 0.000486 2 5 7
15 0.000486 3 0 PTP 5 5_1_-778_274
16 0.000486 3 0 PTP 1 5_1_-112_270
16 0.000486 3 0 PTP 1 13_1_-112_269
13 0.000486 2 1
12 0.000486 2 1 10
16 0.000487 3 0 PTP 1 4_1_-112_240
16 0.000487 3 0 PTP 1 2_1_-112_219
16 0.000487 3 0 PTP 1 3_1_-112_256
16 0.000487 3 0 PTP 1 9_1_-112_233
16 0.000487 3 0 PTP 1 6_1_-112_227
16 0.000487 3 0 PTP 1 10_1_-112_218
16 0.000487 3 0 PTP 1 7_1_-112_264
16 0.000487 3 0 PTP 1 5_1_-112_272
16 0.000487 3 0 PTP 1 8_1_-112_248
16 0.000487 3 0 PTP 1 14_1_-112_226
16 0.000487 3 0 PTP 1 16_1_-112_247
16 0.000487 3 0 PTP 1 13_1_-112_271
16 0.000487 3 0 PTP 1 11_1_-112_255
16 0.000487 3 0 PTP 1 12_1_-112_239
16 0.000487 3 0 PTP 1 15_1_-112_263
13 0.000487 2 1
12 0.000487 2 1 7
16 0.000487 3 0 PTP 1 4_1_-778_242
16 0.000487 3 0 PTP 1 2_1_-778_221
16 0.000487 3 0 PTP 1 3_1_-778_258
16 0.000487 3 0 PTP 1 9_1_-778_234
16 0.000487 3 0 PTP 1 6_1_-778_229
16 0.000487 3 0 PTP 1 10_1_-778_220
16 0.000487 3 0 PTP 1 7_1_-778_266
16 0.000487 3 0 PTP 1 5_1_-778_274
16 0.000488 3 0 PTP 1 8_1_-778_250
16 0.000488 3 0 PTP 1 14_1_-778_228
16 0.000488 3 0 PTP 1 16_1_-778_249
16 0.000488 3 0 PTP 1 13_1_-778_273
16 0.000488 3 0 PTP 1 11_1_-778_257
16 0.000488 3 0 PTP 1 12_1_-778_241
16 0.000488 3 0 PTP 1 15_1_-778_265
15 0.000488 3 0 PTP 1 1_2_-778_275
15 0.000488 3 0 PTP 1 1_3_-778_276
15 0.000488 3 0 PTP 1 1_4_-778_277
15 0.000488 3 0 PTP 1 1_5_-778_278
15 0.000488 3 0 PTP 1 1_6_-778_279
15 0.000488 3 0 PTP 1 1_7_-778_280
15 0.000488 3 0 PTP 1 1_8_-778_281
15 0.000488 3 0 PTP 1 1_9_-778_282
15 0.000488 3 0 PTP 1 1_10_-778_283
15 0.000488 3 0 PTP 1 1_11_-778_284
15 0.000488 3 0 PTP 1 1_12_-778_285
15 0.000488 3 0 PTP 1 1_13_-778_286
15 0.000488 3 0 PTP 1 1_14_-778_287
15 0.000488 3 0 PTP 1 1_15_-778_288
15 0.000488 3 0 PTP 1 1_16_-778_289
13 0.000488 2 1
12 0.000488 2 1 11
13 0.000488 2 1
7 0.000488 1 1
16 0.000488 3 0 PTP 4 1_4_-778_277
13 0.000488 2 4
12 0.000488 2 4 11
13 0.000488 2 4
7 0.000488 1 4
16 0.000488 3 0 PTP 2 1_2_-778_275
13 0.000488 2 2
12 0.000488 2 2 11
13 0.000488 2 2
7 0.000488 1 2
16 0.000488 3 0 PTP 3 1_3_-778_276
13 0.000488 2 3
12 0.000488 2 3 11
13 0.000488 2 3
7 0.000488 1 3
16 0.000488 3 0 PTP 9 1_9_-778_282
13 0.000488 2 9
12 0.000488 2 9 11
13 0.000488 2 9
7 0.000488 1 9
16 0.000488 3 0 PTP 6 1_6_-778_279
13 0.000488 2 6
12 0.000488 2 6 11
13 0.000488 2 6
7 0.000488 1 6
16 0.000488 3 0 PTP 10 1_10_-778_283
13 0.000488 2 10
12 0.000488 2 10 11
13 0.000488 2 10
7 0.000488 1 10
16 0.000488 3 0 PTP 7 1_7_-778_280
13 0.000488 2 7
12 0.000488 2 7 11
13 0.000488 2 7
7 0.000488 1 7
16 0.000488 3 0 PTP 5 1_5_-778_278
13 0.000488 2 5
12 0.000488 2 5 11
13 0.000488 2 5
7 0.000488 1 5
16 0.000488 3 0 PTP 8 1_8_-778_281
13 0.000488 2 8
12 0.000488 2 8 11
13 0.000488 2 8
7 0.000488 1 8
16 0.000488 3 0 PTP 14 1_14_-778_287
13 0.000488 2 14
12 0.000488 2 14 11
13 0.000488 2 14
7 0.000488 1 14
16 0.000488 3 0 PTP 16 1_16_-778_289
13 0.000488 2 16
12 0.000488 2 16 11
13 0.000488 2 16
7 0.000488 1 16
16 0.000488 3 0 PTP 13 1_13_-778_286
13 0.000488 2 13
12 0.000488 2 13 11
13 0.000488 2 13
7 0.000488 1 13
16 0.000488 3 0 PTP 11 1_11_-778_284
13 0.000488 2 11
12 0.000488 2 11 11
13 0.000488 2 11
7 0.000488 1 11
16 0.000488 3 0 PTP 12 1_12_-778_285
13 0.000488 2 12
12 0.000488 2 12 11
13 0.000488 2 12
7 0.000488 1 12
16 0.000488 3 0 PTP 15 1_15_-778_288
13 0.000488 2 15
12 0.000488 2 15 11
13 0.000488 2 15
7 0.000488 1 15
